// Jest Snapshot v1, https://goo.gl/fbAQLP

exports[`<FormValidation /> should render  1`] = `
.c1 {
  padding: 0.8rem 1.6rem;
  border-bottom: 0.1rem solid #f8f8f8;
  font-size: 1.4rem;
  background: transparent;
  border-radius: 0.7rem;
  text-align: start;
  color: #f8f8f8;
  -webkit-transition: all 0.3s linear;
  transition: all 0.3s linear;
}

.c1::-webkit-input-placeholder {
  color: rgba(155,155,155,0.95);
}

.c1::-moz-placeholder {
  color: rgba(155,155,155,0.95);
}

.c1:-ms-input-placeholder {
  color: rgba(155,155,155,0.95);
}

.c1::placeholder {
  color: rgba(155,155,155,0.95);
}

.c1:hover,
.c1:focus {
  background: rgba(255,255,255,0.1);
  border: 0.1rem solid #b8f706;
}

.c2 {
  margin-bottom: 0.3rem;
  padding: 0.5rem 1.6rem;
  background: transparent;
  color: #b8f706;
  font-weight: 700;
  border-radius: 0.5rem;
  border: 0.1rem solid #b8f706;
  -webkit-transition: all 0.4s ease-in-out;
  transition: all 0.4s ease-in-out;
}

.c2:hover {
  color: #f8f8f8;
  border: 0.1rem solid #f8f8f8;
}

.c0 {
  display: -webkit-box;
  display: -webkit-flex;
  display: -ms-flexbox;
  display: flex;
  -webkit-flex-direction: column;
  -ms-flex-direction: column;
  flex-direction: column;
  -webkit-align-items: flex-start;
  -webkit-box-align: flex-start;
  -ms-flex-align: flex-start;
  align-items: flex-start;
  -webkit-box-pack: center;
  -webkit-justify-content: center;
  -ms-flex-pack: center;
  justify-content: center;
  padding: 1rem 0.6rem;
  margin: 0.6rem 0;
}

@media (min-width:620px) {
  .c1 {
    width: 24rem;
  }
}

@media (min-width:768px) {
  .c1 {
    font-size: 1.4rem;
  }
}

<div>
  <form
    class=""
  >
    <div
      class="c0"
    >
      <input
        class="c1"
        id="user"
        name="user"
        placeholder="Digite seu nome de usuÃ¡rio"
        type="text"
      />
    </div>
    <div
      class="c0"
    >
      <input
        class="c1"
        id="password"
        name="password"
        placeholder="Digite sua senha"
        type="password"
      />
    </div>
    <input
      class="c2"
      type="submit"
      value="Enviar"
    />
  </form>
</div>
`;
